Microchip MPLAB XC8 Compiler V1.33 ()

Linker command line:

--edf=/Applications/microchip/xc8/v1.33/dat/en_msgs.txt -cs \
  -h+dist/default/debug/MOTOR_V8.X.debug.sym \
  --cmf=dist/default/debug/MOTOR_V8.X.debug.cmf -z -Q16F873A \
  -o/tmp/cgtIiDoIc -Mdist/default/debug/MOTOR_V8.X.debug.map -E1 -ver=XC8 \
  -ASTACK=0A0h-0f3h -pstack=STACK -ACONST=00h-0FFhx15 \
  -ACODE=00h-07FFh,0800h-0EFFh -ASTRCODE=00h-0EFFh -AENTRY=00h-0FFhx15 \
  -ASTRING=00h-0FFhx15 -ABANK0=020h-07Bh -ABANK1=0A0h-0F3h \
  -ARAM=020h-07Bh,0A0h-0F3h -AABS1=020h-07Fh,0A0h-0FFh -ACOMMON=07Ch-07Dh \
  -ASFR0=00h-01Fh -ASFR1=080h-09Fh -ASFR2=0100h-017Bh -ASFR3=0180h-01FBh \
  -preset_vec=00h,intentry,init,end_init -ppowerup=CODE -pcinit=CODE \
  -pfunctab=CODE -ACONFIG=02007h-02007h -pconfig=CONFIG -DCONFIG=2 \
  -AIDLOC=02000h-02003h -pidloc=IDLOC -DIDLOC=2 -AEEDATA=00h-07Fh/02100h \
  -peeprom_data=EEDATA -DEEDATA=2 -DCODE=2 -DSTRCODE=2 -DSTRING=2 -DCONST=2 \
  -DENTRY=2 -k /tmp/cgtskwdsO.obj dist/default/debug/MOTOR_V8.X.debug.obj 

Object code version is 3.11

Machine type is 16F873A



                Name                               Link     Load   Length Selector   Space Scale
/tmp/cgtskwdsO.obj
                end_init                              1        1        2        0       0
                reset_vec                             0        0        1        0       0
                config                             2007     2007        1     400E       0
dist/default/debug/MOTOR_V8.X.debug.obj
                cinit                               7FD      7FD        3      FFA       0
                text1                               61D      61D        6      C3A       0
                swtext1                               3        3       12        6       0
                maintext                            623      623      1DA      C46       0
                cstackBANK0                          20       20        9       20       1
                strings                              15       15        A       2A       0

TOTAL           Name                               Link     Load   Length     Space
        CLASS   STACK          

        CLASS   CONST          
                swtext1                               3        3       12         0

        CLASS   CODE           
                end_init                              1        1        2         0
                cinit                               7FD      7FD        3         0
                reset_vec                             0        0        1         0
                text1                               61D      61D        6         0
                maintext                            623      623      1DA         0

        CLASS   STRCODE        

        CLASS   ENTRY          

        CLASS   STRING         
                strings                              15       15        A         0

        CLASS   BANK0          
                cstackBANK0                          20       20        9         1

        CLASS   BANK1          

        CLASS   RAM            

        CLASS   ABS1           
                abs_s1                               7C       7C        2         1

        CLASS   COMMON         

        CLASS   SFR0           

        CLASS   SFR1           

        CLASS   SFR2           

        CLASS   SFR3           

        CLASS   CONFIG         
                config                             2007     2007        1         0

        CLASS   IDLOC          

        CLASS   EEDATA         

        CLASS   BANK3          

        CLASS   BANK2          



SEGMENTS        Name                           Load    Length   Top    Selector   Space  Class     Delta

                reset_vec                      000000  000003  000003         0       0  CODE        2
                swtext1                        000003  000012  000015         6       0  CONST       2
                cstackBANK0                    000020  000009  000029        20       1  BANK0       1
                strings                        000015  00000A  00001F        2A       0  STRING      2
                text1                          00061D  000006  000623       C3A       0  CODE        2
                maintext                       000623  0001DA  0007FD       C46       0  CODE        2
                cinit                          0007FD  000003  000800       FFA       0  CODE        2
                config                         002007  000001  002008      400E       0  CONFIG      2


UNUSED ADDRESS RANGES

        Name                Unused          Largest block    Delta
        BANK0            0029-007B             53           1
        BANK1            00A0-00F3             54           1
        CODE             001F-061C            5FE           2
                         0800-0EFF            700
        CONST            001F-061C            100           2
                         0800-0EFF            100
        EEDATA           2100-217F             80           2
        ENTRY            001F-061C            100           2
                         0800-0EFF            100
        IDLOC            2000-2003              4           2
        RAM              0029-007B             53           1
                         00A0-00F3             54
        SFR0             0000-001F             20           1
        SFR1             0080-009F             20           1
        SFR2             0100-017B             7C           1
        SFR3             0180-01FB             7C           1
        STACK            00A0-00F3             54           1
        STRCODE          001F-061C            5FE           2
                         0800-0EFF            700
        STRING           001F-061C            100           2
                         0800-0EFF            100

                                  Symbol Table

_Apagar                  text1        061D
_GIE                     (abs)        005F
_PEIE                    (abs)        005E
_PORTA                   (abs)        0005
_PORTB                   (abs)        0006
_PORTBbits               (abs)        0006
_PORTC                   (abs)        0007
_TRISAbits               (abs)        0085
_TRISBbits               (abs)        0086
_TRISCbits               (abs)        0087
__CFG_BOREN$ON           (abs)        0000
__CFG_CP$OFF             (abs)        0000
__CFG_CPD$OFF            (abs)        0000
__CFG_FOSC$XT            (abs)        0000
__CFG_LVP$ON             (abs)        0000
__CFG_PWRTE$OFF          (abs)        0000
__CFG_WDTE$OFF           (abs)        0000
__CFG_WRT$OFF            (abs)        0000
__Habs1                  abs1         0000
__Hbank0                 bank0        0000
__Hbank1                 bank1        0000
__Hbank2                 bank2        0000
__Hbank3                 bank3        0000
__Hcinit                 cinit        0800
__Hclrtext               clrtext      0000
__Hcode                  code         0000
__Hcommon                common       0000
__Hconfig                config       2008
__HcstackBANK0           cstackBANK0  0000
__HcstackCOMMON          cstackCOMMON 0000
__Heeprom_data           eeprom_data  0000
__Hend_init              end_init     0003
__Hfunctab               functab      0000
__Hidloc                 idloc        0000
__Hinit                  init         0001
__Hintentry              intentry     0001
__Hmaintext              maintext     0000
__Hpowerup               powerup      0000
__Hram                   ram          0000
__Hreset_vec             reset_vec    0001
__Hsfr0                  sfr0         0000
__Hsfr1                  sfr1         0000
__Hsfr2                  sfr2         0000
__Hsfr3                  sfr3         0000
__Hspace_0               (abs)        2008
__Hspace_1               (abs)        0029
__Hspace_2               (abs)        0000
__Hspace_3               (abs)        0000
__Hstack                 stack        0000
__Hstrings               strings      0000
__Htext                  text         0000
__Labs1                  abs1         0000
__Lbank0                 bank0        0000
__Lbank1                 bank1        0000
__Lbank2                 bank2        0000
__Lbank3                 bank3        0000
__Lcinit                 cinit        07FD
__Lclrtext               clrtext      0000
__Lcode                  code         0000
__Lcommon                common       0000
__Lconfig                config       2007
__LcstackBANK0           cstackBANK0  0000
__LcstackCOMMON          cstackCOMMON 0000
__Leeprom_data           eeprom_data  0000
__Lend_init              end_init     0001
__Lfunctab               functab      0000
__Lidloc                 idloc        0000
__Linit                  init         0001
__Lintentry              intentry     0001
__Lmaintext              maintext     0000
__Lpowerup               powerup      0000
__Lram                   ram          0000
__Lreset_vec             reset_vec    0000
__Lsfr0                  sfr0         0000
__Lsfr1                  sfr1         0000
__Lsfr2                  sfr2         0000
__Lsfr3                  sfr3         0000
__Lspace_0               (abs)        0000
__Lspace_1               (abs)        0000
__Lspace_2               (abs)        0000
__Lspace_3               (abs)        0000
__Lstack                 stack        0000
__Lstrings               strings      0000
__Ltext                  text         0000
__S0                     (abs)        2008
__S1                     (abs)        0029
__S2                     (abs)        0000
__S3                     (abs)        0000
___int_sp                stack        0000
___latbits               (abs)        0001
___sp                    stack        0000
__end_of_Apagar          text1        0623
__end_of__initialization cinit        07FD
__end_of__stringtab      strings      001B
__end_of_main            maintext     07FD
__end_ofmain@NO          strings      001D
__end_ofmain@SI          strings      001F
__initialization         cinit        07FD
__pcstackBANK0           cstackBANK0  0020
__pcstackCOMMON          cstackCOMMON 0000
__pmaintext              maintext     0623
__pstrings               strings      0015
__pswtext1               swtext1      0003
__ptext1                 text1        061D
__size_of_Apagar         (abs)        0000
__size_of_main           (abs)        0000
__stringbase             strings      001A
__stringtab              strings      0015
_main                    maintext     0623
btemp                    (abs)        007C
end_of_initialization    cinit        07FD
intlevel0                functab      0000
intlevel1                functab      0000
intlevel2                functab      0000
intlevel3                functab      0000
intlevel4                functab      0000
intlevel5                functab      0000
ltemp                    (abs)        007C
ltemp0                   (abs)        007C
ltemp1                   (abs)        0080
ltemp2                   (abs)        0084
ltemp3                   (abs)        007E
main@SI                  strings      001D
main@contador            cstackBANK0  0027
main@inicio              cstackBANK0  0025
reset_vec                reset_vec    0000
stackhi                  (abs)        0000
stacklo                  (abs)        0000
start                    init         0001
start_initialization     cinit        07FD
ttemp                    (abs)        007C
ttemp0                   (abs)        007C
ttemp1                   (abs)        007F
ttemp2                   (abs)        0082
ttemp3                   (abs)        0085
ttemp4                   (abs)        007D
wtemp                    (abs)        007C
wtemp0                   (abs)        007C
wtemp1                   (abs)        007E
wtemp2                   (abs)        0080
wtemp3                   (abs)        0082
wtemp4                   (abs)        0084
wtemp5                   (abs)        0086
wtemp6                   (abs)        007D


FUNCTION INFORMATION:

 *************** function _main *****************
 Defined at:
		line 73 in file "Main.c"
 Parameters:    Size  Location     Type
		None
 Auto vars:     Size  Location     Type
  contador        2    7[BANK0 ] int 
  inicio          2    5[BANK0 ] int 
 Return value:  Size  Location     Type
		None               void
 Registers used:
		wreg, fsr0l, fsr0h, status,2, status,0, btemp+1, pclath, cstack
 Tracked objects:
		On entry : 
		On exit  : 
		Unchanged: 
 Data sizes:     COMMON   BANK0   BANK1
      Params:         0       0       0
      Locals:         0       4       0
      Temps:          0       5       0
      Totals:         0       9       0
Total ram usage:        9 bytes
 Hardware stack levels required when called:    1
 This function calls:
		_Apagar
 This function is called by:
		Startup code after reset
 This function uses a non-reentrant model


 *************** function _Apagar *****************
 Defined at:
		line 235 in file "Main.c"
 Parameters:    Size  Location     Type
		None
 Auto vars:     Size  Location     Type
		None
 Return value:  Size  Location     Type
		None               void
 Registers used:
		status,2
 Tracked objects:
		On entry : 
		On exit  : 
		Unchanged: 
 Data sizes:     COMMON   BANK0   BANK1
      Params:         0       0       0
      Locals:         0       0       0
      Temps:          0       0       0
      Totals:         0       0       0
Total ram usage:        0 bytes
 Hardware stack levels used:    1
 This function calls:
		Nothing
 This function is called by:
		_main
 This function uses a non-reentrant model



MODULE INFORMATION

Module		Function		Class		Link	Load	Size
Main.c
		_Apagar        		CODE           	061D	0000	6
		_main          		CODE           	0623	0000	474

Main.c estimated size: 480

shared
		main@SI        		STRING         	001D	0000	2
		__stringtab    		STRING         	0015	0000	6
		main@NO        		STRING         	0000	0000	29
		__initializatio		CODE           	07FD	0000	0

shared estimated size: 37

