Microchip MPLAB XC8 Compiler V1.38 ()

Linker command line:

--edf=/Applications/microchip/xc8/v1.38/dat/en_msgs.txt -cs \
  -h+dist/default/production/MOTOR_V8.X.production.sym \
  --cmf=dist/default/production/MOTOR_V8.X.production.cmf -z -Q16F873A \
  -o/tmp/xceMFp8fX -Mdist/default/production/MOTOR_V8.X.production.map -E1 \
  -ver=XC8 -ASTACK=0A0h-0fdh -pstack=STACK -ACODE=00h-07FFhx2 \
  -ASTRCODE=00h-0FFFh -ASTRING=00h-0FFhx16 -ACONST=00h-0FFhx16 \
  -AENTRY=00h-0FFhx16 -ABANK0=020h-07Dh -ABANK1=0A0h-0FDh \
  -ARAM=020h-07Dh,0A0h-0FDh -AABS1=020h-07Fh,0A0h-0FFh -ACOMMON=07Eh-07Fh \
  -ASFR0=00h-01Fh -ASFR1=080h-09Fh -ASFR2=0100h-017Dh -ASFR3=0180h-01FDh \
  -preset_vec=00h,intentry,init,end_init -ppowerup=CODE -pcinit=CODE \
  -pfunctab=CODE -ACONFIG=02007h-02007h -pconfig=CONFIG -DCONFIG=2 \
  -AIDLOC=02000h-02003h -pidloc=IDLOC -DIDLOC=2 -AEEDATA=00h-07Fh/02100h \
  -peeprom_data=EEDATA -DEEDATA=2 -DCODE=2 -DSTRCODE=2 -DSTRING=2 -DCONST=2 \
  -DENTRY=2 -k /tmp/xctpgmIYT.obj \
  dist/default/production/MOTOR_V8.X.production.obj 

Object code version is 3.11

Machine type is 16F873A



                Name                               Link     Load   Length Selector   Space Scale
/tmp/xctpgmIYT.obj
                end_init                              0        0        2        0       0
                config                             2007     2007        1     400E       0
dist/default/production/MOTOR_V8.X.production.obj
                cinit                               7FD      7FD        3      FFA       0
                text2                               606      606        6      C0C       0
                text1                               60C      60C        9      C18       0
                swtext1                               2        2       12        4       0
                maintext                            615      615      1E8      C2A       0
                cstackBANK0                          20       20        B       20       1
                strings                              14       14        A       28       0

TOTAL           Name                               Link     Load   Length     Space
        CLASS   STACK          

        CLASS   CODE           
                end_init                              0        0        2         0
                cinit                               7FD      7FD        3         0
                text2                               606      606        6         0
                text1                               60C      60C        9         0
                maintext                            615      615      1E8         0

        CLASS   STRCODE        

        CLASS   STRING         
                strings                              14       14        A         0

        CLASS   CONST          
                swtext1                               2        2       12         0

        CLASS   ENTRY          

        CLASS   BANK0          
                cstackBANK0                          20       20        B         1

        CLASS   BANK1          

        CLASS   RAM            

        CLASS   ABS1           
                abs_s1                               7E       7E        2         1

        CLASS   COMMON         

        CLASS   SFR0           

        CLASS   SFR1           

        CLASS   SFR2           

        CLASS   SFR3           

        CLASS   CONFIG         
                config                             2007     2007        1         0

        CLASS   IDLOC          

        CLASS   EEDATA         

        CLASS   BANK3          

        CLASS   BANK2          



SEGMENTS        Name                           Load    Length   Top    Selector   Space  Class     Delta

                reset_vec                      000000  000002  000002         0       0  CODE        2
                swtext1                        000002  000012  000014         4       0  CONST       2
                cstackBANK0                    000020  00000B  00002B        20       1  BANK0       1
                strings                        000014  00000A  00001E        28       0  STRING      2
                text2                          000606  000006  00060C       C0C       0  CODE        2
                text1                          00060C  000009  000615       C18       0  CODE        2
                maintext                       000615  0001E8  0007FD       C2A       0  CODE        2
                cinit                          0007FD  000003  000800       FFA       0  CODE        2
                config                         002007  000001  002008      400E       0  CONFIG      2


UNUSED ADDRESS RANGES

        Name                Unused          Largest block    Delta
        BANK0            002B-007D             53           1
        BANK1            00A0-00FD             5E           1
        CODE             001E-0605            5E8           2
                         0800-0FFF            800
        CONST            001E-0605            100           2
                         0800-0FFF            100
        EEDATA           2100-217F             80           2
        ENTRY            001E-0605            100           2
                         0800-0FFF            100
        IDLOC            2000-2003              4           2
        RAM              002B-007D             53           1
                         00A0-00FD             5E
        SFR0             0000-001F             20           1
        SFR1             0080-009F             20           1
        SFR2             0100-017D             7E           1
        SFR3             0180-01FD             7E           1
        STACK            00A0-00FD             5E           1
        STRCODE          001E-0605            5E8           2
                         0800-0FFF            800
        STRING           001E-0605            100           2
                         0800-0FFF            100

                                  Symbol Table

_Apagar                  text2        0606
_GIE                     (abs)        005F
_PEIE                    (abs)        005E
_PORTA                   (abs)        0005
_PORTB                   (abs)        0006
_PORTBbits               (abs)        0006
_PORTC                   (abs)        0007
_RB0                     (abs)        0030
_RB1                     (abs)        0031
_RB2                     (abs)        0032
_RB4                     (abs)        0034
_RC0                     (abs)        0038
_RC1                     (abs)        0039
_RC2                     (abs)        003A
_RC3                     (abs)        003B
_TRISA0                  (abs)        0428
_TRISA1                  (abs)        0429
_TRISA2                  (abs)        042A
_TRISA3                  (abs)        042B
_TRISA5                  (abs)        042D
_TRISB0                  (abs)        0430
_TRISB1                  (abs)        0431
_TRISB2                  (abs)        0432
_TRISB4                  (abs)        0434
_TRISB5                  (abs)        0435
_TRISC0                  (abs)        0438
_TRISC1                  (abs)        0439
_TRISC2                  (abs)        043A
_TRISC3                  (abs)        043B
__CFG_BOREN$OFF          (abs)        0000
__CFG_CP$OFF             (abs)        0000
__CFG_CPD$OFF            (abs)        0000
__CFG_FOSC$XT            (abs)        0000
__CFG_LVP$ON             (abs)        0000
__CFG_PWRTE$OFF          (abs)        0000
__CFG_WDTE$OFF           (abs)        0000
__CFG_WRT$OFF            (abs)        0000
__Habs1                  abs1         0000
__Hbank0                 bank0        0000
__Hbank1                 bank1        0000
__Hbank2                 bank2        0000
__Hbank3                 bank3        0000
__Hcinit                 cinit        0800
__Hclrtext               clrtext      0000
__Hcode                  code         0000
__Hcommon                common       0000
__Hconfig                config       2008
__HcstackBANK0           cstackBANK0  0000
__HcstackCOMMON          cstackCOMMON 0000
__Heeprom_data           eeprom_data  0000
__Hend_init              end_init     0002
__Hfunctab               functab      0000
__Hidloc                 idloc        0000
__Hinit                  init         0000
__Hintentry              intentry     0000
__Hmaintext              maintext     0000
__Hpowerup               powerup      0000
__Hram                   ram          0000
__Hreset_vec             reset_vec    0000
__Hsfr0                  sfr0         0000
__Hsfr1                  sfr1         0000
__Hsfr2                  sfr2         0000
__Hsfr3                  sfr3         0000
__Hspace_0               (abs)        2008
__Hspace_1               (abs)        002B
__Hspace_2               (abs)        0000
__Hspace_3               (abs)        0000
__Hstack                 stack        0000
__Hstrings               strings      0000
__Htext                  text         0000
__Labs1                  abs1         0000
__Lbank0                 bank0        0000
__Lbank1                 bank1        0000
__Lbank2                 bank2        0000
__Lbank3                 bank3        0000
__Lcinit                 cinit        07FD
__Lclrtext               clrtext      0000
__Lcode                  code         0000
__Lcommon                common       0000
__Lconfig                config       2007
__LcstackBANK0           cstackBANK0  0000
__LcstackCOMMON          cstackCOMMON 0000
__Leeprom_data           eeprom_data  0000
__Lend_init              end_init     0000
__Lfunctab               functab      0000
__Lidloc                 idloc        0000
__Linit                  init         0000
__Lintentry              intentry     0000
__Lmaintext              maintext     0000
__Lpowerup               powerup      0000
__Lram                   ram          0000
__Lreset_vec             reset_vec    0000
__Lsfr0                  sfr0         0000
__Lsfr1                  sfr1         0000
__Lsfr2                  sfr2         0000
__Lsfr3                  sfr3         0000
__Lspace_0               (abs)        0000
__Lspace_1               (abs)        0000
__Lspace_2               (abs)        0000
__Lspace_3               (abs)        0000
__Lstack                 stack        0000
__Lstrings               strings      0000
__Ltext                  text         0000
__S0                     (abs)        2008
__S1                     (abs)        002B
__S2                     (abs)        0000
__S3                     (abs)        0000
___int_sp                stack        0000
___latbits               (abs)        0001
___sp                    stack        0000
__end_of_Apagar          text2        060C
__end_of__initialization cinit        07FD
__end_of__stringtab      strings      001A
__end_of_main            maintext     07FD
__end_of_prueba          text1        0615
__end_ofmain@NO          strings      001C
__end_ofmain@SI          strings      001E
__initialization         cinit        07FD
__pcstackBANK0           cstackBANK0  0020
__pcstackCOMMON          cstackCOMMON 0000
__pmaintext              maintext     0615
__pstrings               strings      0014
__pswtext1               swtext1      0002
__ptext1                 text1        060C
__ptext2                 text2        0606
__size_of_Apagar         (abs)        0000
__size_of_main           (abs)        0000
__size_of_prueba         (abs)        0000
__stringbase             strings      0019
__stringtab              strings      0014
_main                    maintext     0615
_prueba                  text1        060C
btemp                    (abs)        007E
end_of_initialization    cinit        07FD
intlevel0                functab      0000
intlevel1                functab      0000
intlevel2                functab      0000
intlevel3                functab      0000
intlevel4                functab      0000
intlevel5                functab      0000
ltemp                    (abs)        007E
ltemp0                   (abs)        007E
ltemp1                   (abs)        0082
ltemp2                   (abs)        0086
ltemp3                   (abs)        0080
main@SI                  strings      001C
main@UNAVEZ              cstackBANK0  0029
main@contador            cstackBANK0  0027
main@inicio              cstackBANK0  0025
reset_vec                reset_vec    0000
stackhi                  (abs)        0000
stacklo                  (abs)        0000
start                    init         0000
start_initialization     cinit        07FD
ttemp                    (abs)        007E
ttemp0                   (abs)        007E
ttemp1                   (abs)        0081
ttemp2                   (abs)        0084
ttemp3                   (abs)        0087
ttemp4                   (abs)        007F
wtemp                    (abs)        007E
wtemp0                   (abs)        007E
wtemp1                   (abs)        0080
wtemp2                   (abs)        0082
wtemp3                   (abs)        0084
wtemp4                   (abs)        0086
wtemp5                   (abs)        0088
wtemp6                   (abs)        007F


FUNCTION INFORMATION:

 *************** function _main *****************
 Defined at:
		line 75 in file "Main.c"
 Parameters:    Size  Location     Type
		None
 Auto vars:     Size  Location     Type
  UNAVEZ          2    9[BANK0 ] int 
  contador        2    7[BANK0 ] int 
  inicio          2    5[BANK0 ] int 
 Return value:  Size  Location     Type
                  1    wreg      void 
 Registers used:
		wreg, fsr0l, fsr0h, status,2, status,0, btemp+1, pclath, cstack
 Tracked objects:
		On entry : 
		On exit  : 
		Unchanged: 
 Data sizes:     COMMON   BANK0   BANK1
      Params:         0       0       0
      Locals:         0       6       0
      Temps:          0       5       0
      Totals:         0      11       0
Total ram usage:       11 bytes
 Hardware stack levels required when called:    1
 This function calls:
		_Apagar
		_prueba
 This function is called by:
		Startup code after reset
 This function uses a non-reentrant model


 *************** function _prueba *****************
 Defined at:
		line 301 in file "Main.c"
 Parameters:    Size  Location     Type
		None
 Auto vars:     Size  Location     Type
		None
 Return value:  Size  Location     Type
                  1    wreg      void 
 Registers used:
		wreg
 Tracked objects:
		On entry : 
		On exit  : 
		Unchanged: 
 Data sizes:     COMMON   BANK0   BANK1
      Params:         0       0       0
      Locals:         0       0       0
      Temps:          0       0       0
      Totals:         0       0       0
Total ram usage:        0 bytes
 Hardware stack levels used:    1
 This function calls:
		Nothing
 This function is called by:
		_main
 This function uses a non-reentrant model


 *************** function _Apagar *****************
 Defined at:
		line 294 in file "Main.c"
 Parameters:    Size  Location     Type
		None
 Auto vars:     Size  Location     Type
		None
 Return value:  Size  Location     Type
                  1    wreg      void 
 Registers used:
		status,2
 Tracked objects:
		On entry : 
		On exit  : 
		Unchanged: 
 Data sizes:     COMMON   BANK0   BANK1
      Params:         0       0       0
      Locals:         0       0       0
      Temps:          0       0       0
      Totals:         0       0       0
Total ram usage:        0 bytes
 Hardware stack levels used:    1
 This function calls:
		Nothing
 This function is called by:
		_main
 This function uses a non-reentrant model



MODULE INFORMATION

Module		Function		Class		Link	Load	Size
Main.c
		_Apagar        		CODE           	0606	0000	7
		_main          		CODE           	0615	0000	489
		_prueba        		CODE           	060C	0000	10

Main.c estimated size: 506

shared
		main@SI        		STRING         	001C	0000	3
		__stringtab    		STRING         	0014	0000	7
		main@NO        		STRING         	0000	0000	0
		__initialization		CODE           	07FD	0000	1

shared estimated size: 11

